locals {
  llmix_trust = {
    LLMIX_TRUST_MANIFEST = "<TRUST_MANIFEST>"
    LLMIX_EXPECTED_ROOT_DIGEST = "sha256:<digest>"
    LLMIX_SOURCE_SET_DIGEST = "sha256:<digest>"
    LLMIX_RELEASE_PLAN_DIGEST = "sha256:<digest>"
    LLMIX_REGISTRY_ROOT = "<REGISTRY_ROOT>"
    LLMIX_RELEASE_PLAN = "<RELEASE_PLAN>"
    LLMIX_HIGH_WATERMARK = "2026-05-09T120000Z"
  }
}
